../Drivers/CMSIS/Include/core_cm4.h:2064:26:ITM_SendChar	16	static,ignoring_inline_asm
../Core/Src/main.c:82:5:main	24	static
../Core/Src/main.c:146:6:SystemClock_Config	88	static
../Core/Src/main.c:193:13:MX_TIM3_Init	56	static
../Core/Src/main.c:242:13:MX_TIM5_Init	32	static
../Core/Src/main.c:287:13:MX_USART2_UART_Init	8	static
../Core/Src/main.c:320:13:MX_GPIO_Init	48	static
../Core/Src/main.c:349:6:QEIEndcoderPositionVelocity_Update	32	static
../Core/Src/main.c:370:5:_write	32	static
../Core/Src/main.c:377:6:HAL_TIM_PeriodElapsedCallback	24	static
../Core/Src/main.c:384:10:micros	12	static
../Core/Src/main.c:393:6:Error_Handler	4	static,ignoring_inline_asm
